// Jest Snapshot v1, https://goo.gl/fbAQLP

exports[`render popup 1`] = `
.c0 {
  display: -webkit-box;
  display: -webkit-flex;
  display: -ms-flexbox;
  display: flex;
  -webkit-flex-direction: column;
  -ms-flex-direction: column;
  flex-direction: column;
  -webkit-box-pack: center;
  -webkit-justify-content: center;
  -ms-flex-pack: center;
  justify-content: center;
  -webkit-align-items: center;
  -webkit-box-align: center;
  -ms-flex-align: center;
  align-items: center;
  position: relative;
}

.c1 {
  width: 84px;
  height: 40px;
  background: no-repeat center/contain url('img/logo.png');
  margin: 0.25rem;
  padding: 0 0.25rem;
  -webkit-filter: none;
  filter: none;
}

.c2 {
  position: absolute;
  right: 0;
  font-size: 1.25rem;
  margin-right: 1rem;
  color: #666;
}

.c2:hover,
.c2:focus {
  color: #333;
  -webkit-animation: cilQsd 1.5s linear infinite;
  animation: cilQsd 1.5s linear infinite;
}

.c3 {
  display: -webkit-box;
  display: -webkit-flex;
  display: -ms-flexbox;
  display: flex;
  -webkit-flex-direction: row;
  -ms-flex-direction: row;
  flex-direction: row;
  -webkit-align-items: center;
  -webkit-box-align: center;
  -ms-flex-align: center;
  align-items: center;
  width: 380px;
  height: 32px;
  padding: 0.25rem 0.5rem;
  color: #000000;
  background-color: #f5f5f5;
  cursor: pointer;
}

.c3:focus,
.c3:hover {
  -webkit-filter: brightness(110%);
  filter: brightness(110%);
}

.c8 {
  display: -webkit-box;
  display: -webkit-flex;
  display: -ms-flexbox;
  display: flex;
  -webkit-flex-direction: row;
  -ms-flex-direction: row;
  flex-direction: row;
  -webkit-align-items: center;
  -webkit-box-align: center;
  -ms-flex-align: center;
  align-items: center;
  width: 380px;
  height: 32px;
  padding: 0.25rem 0.5rem;
  color: #FFFFFF;
  background-color: #ff5722;
  cursor: pointer;
}

.c8:focus,
.c8:hover {
  -webkit-filter: brightness(110%);
  filter: brightness(110%);
}

.c5 {
  width: 32px;
}

.c6 {
  text-align: center;
  padding: 0 0.25rem;
  margin-right: 0.5rem;
  font-size: 1.125rem;
  font-family: Menlo,Monaco,Consolas,"Liberation Mono","Courier New",monospace;
  border-radius: 0.25rem;
  border: 2px solid #000000;
  box-shadow: 2px 2px 0px 0px rgba(0,0,0,0.3);
}

.c10 {
  text-align: center;
  padding: 0 0.25rem;
  margin-right: 0.5rem;
  font-size: 1.125rem;
  font-family: Menlo,Monaco,Consolas,"Liberation Mono","Courier New",monospace;
  border-radius: 0.25rem;
  border: 2px solid #FFFFFF;
  box-shadow: 2px 2px 0px 0px rgba(0,0,0,0.3);
}

.c7 {
  font-size: 1rem;
  overflow: hidden;
  white-space: nowrap;
  text-overflow: ellipsis;
  -webkit-user-select: none;
  -moz-user-select: none;
  -ms-user-select: none;
  user-select: none;
}

.c4 {
  -webkit-animation-name: none !important;
  animation-name: none !important;
  background-color: #f5f5f5;
  background-image: none;
  background-position: 0% !important;
}

.c9 {
  -webkit-animation-name: none !important;
  animation-name: none !important;
  background-color: #ff5722;
  background-image: none;
  background-position: 0% !important;
}

<body>
  <div>
    <div
      class="c0"
    >
      <div
        class="c1"
      />
      <a
        class="c2"
        href="/options.html"
        target="_blank"
      >
        <svg
          aria-hidden="true"
          class="svg-inline--fa fa-gear "
          data-icon="gear"
          data-prefix="fas"
          focusable="false"
          role="img"
          viewBox="0 0 512 512"
          xmlns="http://www.w3.org/2000/svg"
        >
          <path
            d="M495.9 166.6C499.2 175.2 496.4 184.9 489.6 191.2L446.3 230.6C447.4 238.9 448 247.4 448 256C448 264.6 447.4 273.1 446.3 281.4L489.6 320.8C496.4 327.1 499.2 336.8 495.9 345.4C491.5 357.3 486.2 368.8 480.2 379.7L475.5 387.8C468.9 398.8 461.5 409.2 453.4 419.1C447.4 426.2 437.7 428.7 428.9 425.9L373.2 408.1C359.8 418.4 344.1 427 329.2 433.6L316.7 490.7C314.7 499.7 307.7 506.1 298.5 508.5C284.7 510.8 270.5 512 255.1 512C241.5 512 227.3 510.8 213.5 508.5C204.3 506.1 197.3 499.7 195.3 490.7L182.8 433.6C167 427 152.2 418.4 138.8 408.1L83.14 425.9C74.3 428.7 64.55 426.2 58.63 419.1C50.52 409.2 43.12 398.8 36.52 387.8L31.84 379.7C25.77 368.8 20.49 357.3 16.06 345.4C12.82 336.8 15.55 327.1 22.41 320.8L65.67 281.4C64.57 273.1 64 264.6 64 256C64 247.4 64.57 238.9 65.67 230.6L22.41 191.2C15.55 184.9 12.82 175.3 16.06 166.6C20.49 154.7 25.78 143.2 31.84 132.3L36.51 124.2C43.12 113.2 50.52 102.8 58.63 92.95C64.55 85.8 74.3 83.32 83.14 86.14L138.8 103.9C152.2 93.56 167 84.96 182.8 78.43L195.3 21.33C197.3 12.25 204.3 5.04 213.5 3.51C227.3 1.201 241.5 0 256 0C270.5 0 284.7 1.201 298.5 3.51C307.7 5.04 314.7 12.25 316.7 21.33L329.2 78.43C344.1 84.96 359.8 93.56 373.2 103.9L428.9 86.14C437.7 83.32 447.4 85.8 453.4 92.95C461.5 102.8 468.9 113.2 475.5 124.2L480.2 132.3C486.2 143.2 491.5 154.7 495.9 166.6V166.6zM256 336C300.2 336 336 300.2 336 255.1C336 211.8 300.2 175.1 256 175.1C211.8 175.1 176 211.8 176 255.1C176 300.2 211.8 336 256 336z"
            fill="currentColor"
          />
        </svg>
      </a>
    </div>
    <div
      class="c3 c4"
      tabindex="1"
    >
      <div
        class="c5"
      >
        <kbd
          class="c6"
        >
          1
        </kbd>
      </div>
      <div
        class="c7"
      >
        Markdown: [title](url)
      </div>
    </div>
    <div
      class="c8 c9"
      tabindex="1"
    >
      <div
        class="c5"
      >
        <kbd
          class="c10"
        >
          2
        </kbd>
      </div>
      <div
        class="c7"
      >
        HTML: &lt;a href={url}&gt;{title}&lt;/a&gt;
      </div>
    </div>
  </div>
</body>
`;
